// Jest Snapshot v1, https://goo.gl/fbAQLP

exports[`ChaoswapV1Factory #createPool gas 1`] = `4557092`;

exports[`ChaoswapV1Factory factory bytecode size 1`] = `24535`;

exports[`ChaoswapV1Factory pool bytecode size 1`] = `22142`;
